The designs on the site map page is not good, and looks outdated, could you review and make them look good? 
